// Jest Snapshot v1, https://goo.gl/fbAQLP

exports[`signInTemplate renders correctly 1`] = `
<View>
  <Text>
    test
  </Text>
</View>
`;
